// Jest Snapshot v1, https://goo.gl/fbAQLP

exports[`Hello component renders correctly 1`] = `
<View>
  <Text
    accessible={true}
    allowFontScaling={true}
    disabled={false}
    ellipsizeMode="tail"
    style={
      Object {
        "fontSize": 17,
        "marginLeft": 20,
        "marginTop": 20,
      }
    }
  >
    Hello fernando
  </Text>
  <TouchableOpacity
    activeOpacity={0.2}
    onPress={[Function]}
  >
    <Text
      accessible={true}
      allowFontScaling={true}
      disabled={false}
      ellipsizeMode="tail"
      style={
        Object {
          "fontSize": 20,
          "marginLeft": 20,
        }
      }
    >
      Back
    </Text>
  </TouchableOpacity>
</View>
`;
